exports["nquads interpolating dataset writes all graphs 1"] = "\n\"<http://example.com/John> <http://schema.org/name> \\\"John\\\" <http://example.com/John> .\n<http://example.com/John> <http://schema.org/baseSalary> _:salary <http://example.com/John> .\n_:salary <http://schema.org/value> \\\"20000\\\"^^<http://www.w3.org/2001/XMLSchema#int> <http://example.com/John> .\n<http://example.com/Jane> <http://schema.org/name> \\\"Jane\\\" <http://example.com/Jane> .\n<http://example.com/Jane> <http://schema.org/spouse> <http://example.com/Jane>  .\"\n";

exports["nquads interpolating dataset writes all graphs"] = "<http://example.com/John> <http://schema.org/name> \"John\" <http://example.com/John> .\n<http://example.com/John> <http://schema.org/baseSalary> _:salary <http://example.com/John> .\n_:salary <http://schema.org/value> \"20000\"^^<http://www.w3.org/2001/XMLSchema#int> <http://example.com/John> .\n<http://example.com/Jane> <http://schema.org/name> \"Jane\" <http://example.com/Jane> .\n<http://example.com/Jane> <http://schema.org/spouse> <http://example.com/Jane>  .";

