exports["sparql interpolating named node respects base in sub-templates 1"] = "\n\"BASE <http://example.org/>\n\nSELECT * WHERE { <dog> <eats> <dog> }\"\n";

exports["sparql interpolating named node writes URIs relative to base 1"] = "\n\"BASE <http://example.org/>\n\nPREFIX : <http://example.org/vocab#> \nSELECT * WHERE { <dog> :eats <dog> }\"\n";

exports["sparql interpolating named node writes URIs relative to base"] = "BASE <http://example.org/>\n\nPREFIX : <http://example.org/vocab#> \nSELECT * WHERE { <dog> :eats <dog> }";

exports["sparql interpolating named node respects base in sub-templates"] = "BASE <http://example.org/>\n\nSELECT * WHERE { <dog> <eats> <dog> }";

exports["sparql interpolating named node escapes characters in prefixed names"] = "SELECT * WHERE { ex::foo\\/bar\\#baz <eats> ex::foo\\/bar\\#baz }";

exports["sparql interpolating named node escapes slashes and hash in prefixed names"] = "SELECT * WHERE { ex::foo\\/bar\\#baz <eats> ex::foo\\/bar\\#baz }";

